============================= test session starts =============================
platform win32 -- Python 3.10.0, pytest-8.3.4, pluggy-1.5.0
rootdir: C:\Users\91884\OneDrive\Desktop\library_management
plugins: sugar-1.0.0
collected 9 items

tests\test_library.py .........                                          [100%]

============================== 9 passed in 0.06s ==============================
